{
  "version": "1.5.0",
  "plugins_used": [
    {
      "name": "ArtifactoryDetector"
    },
    {
      "name": "AWSKeyDetector"
    },
    {
      "name": "AzureStorageKeyDetector"
    },
    {
      "name": "Base64HighEntropyString",
      "limit": 4.5
    },
    {
      "name": "BasicAuthDetector"
    },
    {
      "name": "CloudantDetector"
    },
    {
      "name": "DiscordBotTokenDetector"
    },
    {
      "name": "GitHubTokenDetector"
    },
    {
      "name": "GitLabTokenDetector"
    },
    {
      "name": "HexHighEntropyString",
      "limit": 3.0
    },
    {
      "name": "IbmCloudIamDetector"
    },
    {
      "name": "IbmCosHmacDetector"
    },
    {
      "name": "IPPublicDetector"
    },
    {
      "name": "JwtTokenDetector"
    },
    {
      "name": "KeywordDetector",
      "keyword_exclude": ""
    },
    {
      "name": "MailchimpDetector"
    },
    {
      "name": "NpmDetector"
    },
    {
      "name": "OpenAIDetector"
    },
    {
      "name": "PrivateKeyDetector"
    },
    {
      "name": "PypiTokenDetector"
    },
    {
      "name": "SendGridDetector"
    },
    {
      "name": "SlackDetector"
    },
    {
      "name": "SoftlayerDetector"
    },
    {
      "name": "SquareOAuthDetector"
    },
    {
      "name": "StripeDetector"
    },
    {
      "name": "TelegramBotTokenDetector"
    },
    {
      "name": "TwilioKeyDetector"
    }
  ],
  "filters_used": [
    {
      "path": "detect_secrets.filters.allowlist.is_line_allowlisted"
    },
    {
      "path": "detect_secrets.filters.common.is_ignored_due_to_verification_policies",
      "min_level": 2
    },
    {
      "path": "detect_secrets.filters.heuristic.is_indirect_reference"
    },
    {
      "path": "detect_secrets.filters.heuristic.is_likely_id_string"
    },
    {
      "path": "detect_secrets.filters.heuristic.is_lock_file"
    },
    {
      "path": "detect_secrets.filters.heuristic.is_not_alphanumeric_string"
    },
    {
      "path": "detect_secrets.filters.heuristic.is_potential_uuid"
    },
    {
      "path": "detect_secrets.filters.heuristic.is_prefixed_with_dollar_sign"
    },
    {
      "path": "detect_secrets.filters.heuristic.is_sequential_string"
    },
    {
      "path": "detect_secrets.filters.heuristic.is_swagger_file"
    },
    {
      "path": "detect_secrets.filters.heuristic.is_templated_secret"
    },
    {
      "path": "detect_secrets.filters.regex.should_exclude_file",
      "pattern": [
        "package-lock\\.json|.*\\.lock|docs/postmortems/.*"
      ]
    }
  ],
  "results": {
    ".github/workflows/ci.yml": [
      {
        "type": "Secret Keyword",
        "filename": ".github/workflows/ci.yml",
        "hashed_secret": "23dbd7a2322ecda0f1d50fedfd4428061ece733d",
        "is_verified": false,
        "line_number": 218
      },
      {
        "type": "Secret Keyword",
        "filename": ".github/workflows/ci.yml",
        "hashed_secret": "9abbe6335ab7d7260bbdd4e3f9c6275ac0045d9b",
        "is_verified": false,
        "line_number": 297
      },
      {
        "type": "Secret Keyword",
        "filename": ".github/workflows/ci.yml",
        "hashed_secret": "a2080680a5a235a46d3270b682dacebd15cf2c74",
        "is_verified": false,
        "line_number": 306
      }
    ],
    ".gitleaks.toml": [
      {
        "type": "Secret Keyword",
        "filename": ".gitleaks.toml",
        "hashed_secret": "789ae1a84b34fe443d235a63314bdc404a3702d9",
        "is_verified": false,
        "line_number": 77
      }
    ],
    "alembic/versions/4a2c8e291c96_create_ativos_table.py": [
      {
        "type": "Hex High Entropy String",
        "filename": "alembic/versions/4a2c8e291c96_create_ativos_table.py",
        "hashed_secret": "2962c6ad25d0a81462eacd12888ae1bbc2fcea36",
        "is_verified": false,
        "line_number": 15
      }
    ],
    "docs/lessons-learned/003-hardcoded-secret-incident.md": [
      {
        "type": "Secret Keyword",
        "filename": "docs/lessons-learned/003-hardcoded-secret-incident.md",
        "hashed_secret": "97c5b3b0225b4dc8e9c6c3f047c61b804022a638",
        "is_verified": false,
        "line_number": 19
      }
    ],
    "scripts/m365_otel_smoke.py": [
      {
        "type": "Secret Keyword",
        "filename": "scripts/m365_otel_smoke.py",
        "hashed_secret": "736be69c822ede0cd3af76ff1a083129c574dc97",
        "is_verified": false,
        "line_number": 46
      },
      {
        "type": "Secret Keyword",
        "filename": "scripts/m365_otel_smoke.py",
        "hashed_secret": "e18ddc3b62154864066eb7edbecc7076e33208d0",
        "is_verified": false,
        "line_number": 52
      }
    ],
    "tests/collector/test_gitleaks_scan.py": [
      {
        "type": "Secret Keyword",
        "filename": "tests/collector/test_gitleaks_scan.py",
        "hashed_secret": "612b1d66be29b3a0c947cc4b86bc575eb744049b",
        "is_verified": false,
        "line_number": 44
      },
      {
        "type": "Secret Keyword",
        "filename": "tests/collector/test_gitleaks_scan.py",
        "hashed_secret": "91dbc0fd3d415dc482cb6890950a28972aed862e",
        "is_verified": false,
        "line_number": 49
      },
      {
        "type": "Secret Keyword",
        "filename": "tests/collector/test_gitleaks_scan.py",
        "hashed_secret": "b818fc9a966445a925f9098e0f48653bcbd3d940",
        "is_verified": false,
        "line_number": 59
      },
      {
        "type": "Secret Keyword",
        "filename": "tests/collector/test_gitleaks_scan.py",
        "hashed_secret": "61c022592edccac45345673b16fad06015fb7164",
        "is_verified": false,
        "line_number": 126
      }
    ],
    "tests/services/test_zabbix_api_namespace.py": [
      {
        "type": "Secret Keyword",
        "filename": "tests/services/test_zabbix_api_namespace.py",
        "hashed_secret": "2550694f39f2fd1ff34f55646fb9b8d824310ddd",
        "is_verified": false,
        "line_number": 30
      },
      {
        "type": "Secret Keyword",
        "filename": "tests/services/test_zabbix_api_namespace.py",
        "hashed_secret": "25ab86bed149ca6ca9c1c0d5db7c9a91388ddeab",
        "is_verified": false,
        "line_number": 107
      }
    ],
    "tests/services/test_zabbix_service.py": [
      {
        "type": "Secret Keyword",
        "filename": "tests/services/test_zabbix_service.py",
        "hashed_secret": "e5e9fa1ba31ecd1ae84f75caaa474f3a663f05f4",
        "is_verified": false,
        "line_number": 60
      },
      {
        "type": "Basic Auth Credentials",
        "filename": "tests/services/test_zabbix_service.py",
        "hashed_secret": "9d4e1e23bd5b727046a9e3b4b7db57bd8d6ee684",
        "is_verified": false,
        "line_number": 211
      },
      {
        "type": "Basic Auth Credentials",
        "filename": "tests/services/test_zabbix_service.py",
        "hashed_secret": "e5e9fa1ba31ecd1ae84f75caaa474f3a663f05f4",
        "is_verified": false,
        "line_number": 235
      }
    ],
    "tests/test_delta_token_store.py": [
      {
        "type": "Secret Keyword",
        "filename": "tests/test_delta_token_store.py",
        "hashed_secret": "65141f7af55498ae323078880f1afbb2c569a457",
        "is_verified": false,
        "line_number": 84
      }
    ],
    "tests/test_security_headers.py": [
      {
        "type": "Secret Keyword",
        "filename": "tests/test_security_headers.py",
        "hashed_secret": "6b1acf06f664c46a980c64112b39184384f7092c",
        "is_verified": false,
        "line_number": 23
      }
    ]
  },
  "generated_at": "2026-06-08T00:08:44Z"
}
